C51 COMPILER V9.51   MAIN                                                                  09/16/2021 11:48:27 PAGE 1   


C51 COMPILER V9.51, COMPILATION OF MODULE MAIN
OBJECT MODULE PLACED IN .\output\main.obj
COMPILER INVOKED BY: D:\Keil\C51\BIN\C51.EXE source\main.c BROWSE INCDIR(.\inc) DEBUG OBJECTEXTEND PRINT(.\list\main.lst
                    -) TABS(2) OBJECT(.\output\main.obj)

line level    source

   1          //******* 用户程序段1：用户程序包含文件 *************//
   2          #include "main.H" //必须。编写应用程序时，仅需改写 main.h 和 main.c文件
   3          #include "song.c" //举例。song.c中编写了音乐（同一首歌）编码
   4          //******* 用户程序段2：用户自定义函数声明 *************//
   5          
   6          //******* 用户程序段3：用户程序全局变量定义 *************//
   7          unsigned char Music_tone, Music_PM; //举例。 音乐播放音调、节凑（每分钟节拍数）
   8          unsigned int count;
   9          unsigned char rxd[1] = {0x01};
  10          unsigned char rtx[2];
  11          unsigned char rxdhead[1] = {0xaa};
  12          
  13          //******* 用户程序段4：用户自定义函数原型 *************//
  14          #include "function.c"
  15          
  16          void my1S_callback() //举例。1S事件回调函数
  17          {
  18   1        count++;
  19   1        if (count == 60)
  20   1        {
  21   2          count = 0;
  22   2          if(GetPlayerMode() == enumModePlay)
  23   2            SetPlayerMode(enumModePause);
  24   2          SetDisplayerArea(0, 7);
  25   2          Seg7Print(23, 16, 34, 20, 31, 20, 5, 32);
  26   2          *(rxd + 0) = 8;
  27   2          Uart1Print(&rxd, sizeof(rxd)); //从串口1发送出去
  28   2          SetBeep(1000, 20);   
  29   2          Delay300ms();
  30   2          Seg7Print(10, 10, 10, 23, 20, 26, 26, 0);
  31   2        }
  32   1      }
  33          
  34          void myKN_callback() //举例。导航按键事件回调函数
  35          {
  36   1        dealwithmyKN();
  37   1      }
  38          
  39          void mykey_callback() // 按键（Key1、Key2）事件回调函数
  40          {
  41   1        dealwithmykey();
  42   1      }
  43          
  44          void myADC_callback() //举例。ADC事件回调函数
  45          {
  46   1      }
  47          
  48          void mySV_callback() //示例: 振动事件回调函数：控制音乐播放/暂停
  49          {
  50   1        if (GetVibAct())
  51   1          if (GetPlayerMode() == enumModePause)
  52   1            SetPlayerMode(enumModePlay);
  53   1          else
  54   1            SetPlayerMode(enumModePause);
C51 COMPILER V9.51   MAIN                                                                  09/16/2021 11:48:27 PAGE 2   

  55   1      }
  56          
  57          void myUart1_callback()
  58          {
  59   1        SetBeep(1000, 30);
  60   1        if(GetPlayerMode() == enumModePlay)
  61   1          SetPlayerMode(enumModePause);
  62   1        Seg7Print(34, 20, 31, 35, 22, 28, 28, 19);
  63   1        Delay1000ms();
  64   1        if(GetPlayerMode() == enumModePause)
  65   1          SetPlayerMode(enumModePlay);
  66   1      }
  67          
  68          //******* main()函数 *************//
  69          void main()
  70          { //主函数 main() 开始         //此行必须！！！
  71   1      
  72   1        //******* 用户程序段5：用户main()函数内部局部变量定义 *************//
  73   1      
  74   1        //******* 用户程序段6：用户main()函数（初始化类程序） *************//
  75   1        //1,加载需要用的模块(由各模块提供加载函数)
  76   1        Key_Init();     //举例，需要用到的模块及其函数、方法，必须对其初始化（让其准备、就绪和响应做后台服务）
  77   1        VibInit();      //举例
  78   1        DisplayerInit();  //举例
  79   1        BeepInit();     //举例
  80   1        MusicPlayerInit();  //举例
  81   1        AdcInit(ADCexpEXT); //举例，ADC模块初始化，有参数，选择扩展接口EXT上P1.0、P1.1是否也做ADC功能
  82   1        Uart1Init(1200);  //举例，串口1初始化，有参数，设置Uart1通信波特率
  83   1      
  84   1        //2,设置事件回调函数(由sys提供设置函数SetEventCallBack())
  85   1        SetEventCallBack(enumEventKey, mykey_callback);  //举例
  86   1        SetEventCallBack(enumEventSys1S, my1S_callback); //举例
  87   1        SetEventCallBack(enumEventNav, myKN_callback);   //举例，设置导航按键回调函数
  88   1        SetEventCallBack(enumEventVib, mySV_callback);
  89   1        SetEventCallBack(enumEventXADC, myADC_callback); //扩展接口上新的AD值事件
  90   1        SetEventCallBack(enumEventUart1Rxd, myUart1_callback);
  91   1      
  92   1        //3,用户程序状态初始化
  93   1        SetDisplayerArea(0, 7);
  94   1        Seg7Print(10, 10, 10, 23, 20, 26, 26, 0);
  95   1        SetUart1Rxd(&rtx, sizeof(rtx), rxdhead, sizeof(rxdhead));
  96   1        //设置串口接收方式：数据包条件：接收数据包放置在rxd中，数据包大小rxd大小，数据包头需要与rxdhead匹配，匹配
             -数量rxdhead大小
  97   1      
  98   1        //4,用户程序变量初始化
  99   1        Music_PM = 90;
 100   1        Music_tone = 0xFC;
 101   1      
 102   1        /*****************  MySTC_OS 初始化与加载开始  ********************************/
 103   1        MySTC_Init(); // MySTC_OS 初始化         //此行必须！！！
 104   1        while (1)   // 系统主循环              //此行必须！！！
 105   1        {
 106   2          MySTC_OS(); // MySTC_OS 加载           //此行必须！！！
 107   2          /*****************  MySTC_OS 初始化与加载结束  ********************************/
 108   2      
 109   2          //******* 用户程序段7：用户main()函数（主循环程序） *************//
 110   2      
 111   2        } //主循环while(1)结束         //此行必须！！！
 112   1      } //主函数 main() 结束         //此行必须！！！


MODULE INFORMATION:   STATIC OVERLAYABLE
C51 COMPILER V9.51   MAIN                                                                  09/16/2021 11:48:27 PAGE 3   

   CODE SIZE        =    718    ----
   CONSTANT SIZE    =    202    ----
   XDATA SIZE       =   ----    ----
   PDATA SIZE       =   ----    ----
   DATA SIZE        =      8    ----
   IDATA SIZE       =   ----    ----
   BIT SIZE         =   ----    ----
END OF MODULE INFORMATION.


C51 COMPILATION COMPLETE.  0 WARNING(S),  0 ERROR(S)
